// Jest Snapshot v1, https://goo.gl/fbAQLP

exports[`renders TransactionProvider component snapshot 1`] = `<DocumentFragment />`;
